<html>
<body>
<pre>
<h1>µVision Build Log</h1>
<h2>Tool Versions:</h2>
IDE-Version: µVision V5.18.0.0
Copyright (C) 2016 ARM Ltd and ARM Germany GmbH. All rights reserved.
License Information: Will Gowell, RIT, LIC=----
 
Tool Versions:
Toolchain:       MDK-Lite  Version: 5.18
Toolchain Path:  C:\Keil_v5\ARM\ARMCC\Bin
C Compiler:      Armcc.exe V5.06 update 1 (build 61)
Assembler:       Armasm.exe V5.06 update 1 (build 61)
Linker/Locator:  ArmLink.exe V5.06 update 1 (build 61)
Library Manager: ArmAr.exe V5.06 update 1 (build 61)
Hex Converter:   FromElf.exe V5.06 update 1 (build 61)
CPU DLL:         SARMCM3.DLL V5.18
Dialog DLL:      DCM.DLL V1.13.6.0
Target DLL:      CMSIS_AGDI.dll V1.25.7.0
Dialog DLL:      TCM.DLL V1.14.8.0
 
<h2>Project:</h2>
C:\Users\Willi\OneDrive\Code\NXP Cup\Freescale_car\Freescale_1\Freescale1\CarGoGo.uvprojx
Project File Date:  05/01/2016

<h2>Output:</h2>
*** Using Compiler 'V5.06 update 1 (build 61)', folder: 'C:\Keil_v5\ARM\ARMCC\Bin'
Rebuild target 'Target 1'
compiling analog_read.c...
compiling main.c...
PWM.h(27): warning:  #1295-D: Deprecated declaration get_last_min - give arg types
  uint8_t get_last_min();
PWM.h(28): warning:  #1295-D: Deprecated declaration get_last_max - give arg types
  uint8_t get_last_max();
main.c: 2 warnings, 0 errors
compiling PWM.c...
PWM.h(27): warning:  #1295-D: Deprecated declaration get_last_min - give arg types
  uint8_t get_last_min();
PWM.h(28): warning:  #1295-D: Deprecated declaration get_last_max - give arg types
  uint8_t get_last_max();
analog_read.h(7): warning:  #1-D: last line of file ends without a newline
  	
PWM.c(440): warning:  #177-D: variable "status" was declared but never referenced
  	char status;
PWM.c(525): warning:  #68-D: integer conversion resulted in a change of sign
  	last_transistion = -1;
PWM.c: 5 warnings, 0 errors
compiling Line.c...
assembling startup_MK64F12.s...
compiling UART.c...
compiling PID.c...
compiling system_MK64F12.c...
linking...
Program Size: Code=6344 RO-data=1056 RW-data=208 ZI-data=1888  
".\Objects\CarGoGo.axf" - 0 Error(s), 7 Warning(s).

<h2>Software Packages used:</h2>

Package Vendor: ARM
                http://www.keil.com/pack/ARM.CMSIS.4.5.0.pack
                ARM::CMSIS:CORE:4.3.0
                CMSIS (Cortex Microcontroller Software Interface Standard)
   * Component: CORE Version: 4.3.0

Package Vendor: Keil
                http://www.keil.com/pack/Keil.Kinetis_K60_DFP.1.4.0.pack
                Keil::Device:Startup:1.0.0
                Freescale Kinetis K60 Series Device Support and Examples
   * Component: Startup Version: 1.0.0

<h2>Collection of Component include folders:</h2>
  C:\Users\Willi\OneDrive\Code\NXP Cup\Freescale_car\Freescale_1\Freescale1\RTE
  C:\Keil_v5\ARM\PACK\ARM\CMSIS\4.5.0\CMSIS\Include
  C:\Keil_v5\ARM\PACK\Keil\Kinetis_K60_DFP\1.4.0\Device\Include

<h2>Collection of Component Files used:</h2>

   * Component: ARM::CMSIS:CORE:4.3.0

   * Component: Keil::Device:Startup:1.0.0
      Source file:   Device\Source\system_MK64F12.c
      Source file:   Device\Source\ARM\startup_MK64F12.s
Build Time Elapsed:  00:00:03
</pre>
</body>
</html>
